test_data/file_A.bin:3:1:3
test_data/file_B.bin:2:20:100
